// Jest Snapshot v1, https://goo.gl/fbAQLP

exports[`<Loader /> component render correctly 1`] = `
<div
  className="css-nil ðŸ“¦dspl_flex ðŸ“¦algn-itms_center ðŸ“¦just-cnt_center ðŸ“¦flx_1 ðŸ“¦h_100vh ðŸ“¦w_100prcnt ðŸ“¦box-szg_border-box"
>
  <div
    className="ðŸ“¦w_40px ðŸ“¦h_40px ðŸ“¦ln-ht_0 ðŸ“¦box-szg_border-box"
    delay={0}
  >
    <svg
      className="css-11r1ktn ðŸ“¦box-szg_border-box"
      viewBox="0 0 150 150"
      x="0px"
      y="0px"
    >
      <circle
        className="css-1ipoqbj ðŸ“¦box-szg_border-box"
        cx="75"
        cy="75"
        r="60"
      />
    </svg>
  </div>
</div>
`;

exports[`<Loader /> with the changed height of wrapper 1`] = `
<div
  className="css-nil ðŸ“¦dspl_flex ðŸ“¦algn-itms_center ðŸ“¦just-cnt_center ðŸ“¦flx_1 ðŸ“¦h_100px ðŸ“¦w_100prcnt ðŸ“¦box-szg_border-box"
>
  <div
    className="ðŸ“¦w_40px ðŸ“¦h_40px ðŸ“¦ln-ht_0 ðŸ“¦box-szg_border-box"
    delay={0}
  >
    <svg
      className="css-11r1ktn ðŸ“¦box-szg_border-box"
      viewBox="0 0 150 150"
      x="0px"
      y="0px"
    >
      <circle
        className="css-1ipoqbj ðŸ“¦box-szg_border-box"
        cx="75"
        cy="75"
        r="60"
      />
    </svg>
  </div>
</div>
`;
