// Jest Snapshot v1, https://goo.gl/fbAQLP

exports[`<Pagination /> component advanced render correctly 1`] = `
<div
  className="css-nil ðŸ“¦dspl_inline-flex ðŸ“¦mr_15px ðŸ“¦box-szg_border-box"
>
  <button
    className="css-1ii3p2c ðŸ“¦fnt-fam_b77syt ðŸ“¦mt_0px ðŸ“¦fnt-sze_12px ðŸ“¦f-wght_500 ðŸ“¦ln-ht_25px ðŸ“¦ltr-spc_0 ðŸ“¦btrr_3px ðŸ“¦bbrr_3px ðŸ“¦btlr_3px ðŸ“¦bblr_3px ðŸ“¦pt_0px ðŸ“¦pb_0px ðŸ“¦pr_0px ðŸ“¦pl_0px ðŸ“¦ml_0px ðŸ“¦mr_0px ðŸ“¦mb_0px ðŸ“¦h_25px ðŸ“¦pst_relative ðŸ“¦dspl_flex ðŸ“¦algn-itms_center ðŸ“¦flx-wrap_nowrap ðŸ“¦w_25px ðŸ“¦just-cnt_center ðŸ“¦box-szg_border-box"
    onClick={[Function]}
  >
    <svg
      className="ðŸ“¦w_12px ðŸ“¦h_12px ðŸ“¦box-szg_border-box"
      data-icon="chevron-left"
      style={
        Object {
          "fill": "#66788A",
        }
      }
      viewBox="0 0 16 16"
    >
      <path
        d="M7.41 8l3.29-3.29c.19-.18.3-.43.3-.71a1.003 1.003 0 00-1.71-.71l-4 4C5.11 7.47 5 7.72 5 8c0 .28.11.53.29.71l4 4a1.003 1.003 0 001.42-1.42L7.41 8z"
        fillRule="evenodd"
      />
    </svg>
  </button>
  <div
    className="css-nil ðŸ“¦box-szg_border-box"
  >
    <div
      className="css-nil ðŸ“¦box-szg_border-box"
    >
      <button
        className="css-1ii3p2c ðŸ“¦color_425a70 ðŸ“¦fnt-fam_b77syt ðŸ“¦mt_0px ðŸ“¦fnt-sze_11px ðŸ“¦f-wght_normal ðŸ“¦ln-ht_25px ðŸ“¦ltr-spc_0 ðŸ“¦btrr_3px ðŸ“¦bbrr_3px ðŸ“¦btlr_3px ðŸ“¦bblr_3px ðŸ“¦pt_0px ðŸ“¦pb_0px ðŸ“¦pr_10px ðŸ“¦pl_10px ðŸ“¦ml_5px ðŸ“¦mr_5px ðŸ“¦mb_0px ðŸ“¦h_25px ðŸ“¦pst_relative ðŸ“¦dspl_inline-flex ðŸ“¦algn-itms_center ðŸ“¦flx-wrap_nowrap ðŸ“¦bg_11ev722 ðŸ“¦box-szg_border-box"
        onClick={[Function]}
      >
        1
      </button>
      <span
        className="ðŸ“¦color_425a70 ðŸ“¦fnt-fam_b77syt ðŸ“¦fnt-sze_11px ðŸ“¦f-wght_400 ðŸ“¦ln-ht_20px ðŸ“¦ltr-spc_-0-05px ðŸ“¦box-szg_border-box"
      >
        
      </span>
      <button
        className="css-1ii3p2c ðŸ“¦color_425a70 ðŸ“¦fnt-fam_b77syt ðŸ“¦mt_0px ðŸ“¦fnt-sze_11px ðŸ“¦f-wght_normal ðŸ“¦ln-ht_25px ðŸ“¦ltr-spc_0 ðŸ“¦btrr_3px ðŸ“¦bbrr_3px ðŸ“¦btlr_3px ðŸ“¦bblr_3px ðŸ“¦pt_0px ðŸ“¦pb_0px ðŸ“¦pr_10px ðŸ“¦pl_10px ðŸ“¦ml_5px ðŸ“¦mr_5px ðŸ“¦mb_0px ðŸ“¦h_25px ðŸ“¦pst_relative ðŸ“¦dspl_inline-flex ðŸ“¦algn-itms_center ðŸ“¦flx-wrap_nowrap ðŸ“¦bg_11ev722 ðŸ“¦box-szg_border-box"
        onClick={[Function]}
      >
        2
      </button>
      <button
        className="css-1ii3p2c ðŸ“¦color_425a70 ðŸ“¦fnt-fam_b77syt ðŸ“¦mt_0px ðŸ“¦fnt-sze_11px ðŸ“¦f-wght_bold ðŸ“¦ln-ht_25px ðŸ“¦ltr-spc_0 ðŸ“¦btrr_3px ðŸ“¦bbrr_3px ðŸ“¦btlr_3px ðŸ“¦bblr_3px ðŸ“¦pt_0px ðŸ“¦pb_0px ðŸ“¦pr_10px ðŸ“¦pl_10px ðŸ“¦ml_5px ðŸ“¦mr_5px ðŸ“¦mb_0px ðŸ“¦h_25px ðŸ“¦pst_relative ðŸ“¦dspl_inline-flex ðŸ“¦algn-itms_center ðŸ“¦flx-wrap_nowrap ðŸ“¦bg_1ofpdvj ðŸ“¦box-szg_border-box"
        onClick={[Function]}
      >
        3
      </button>
      <button
        className="css-1ii3p2c ðŸ“¦color_425a70 ðŸ“¦fnt-fam_b77syt ðŸ“¦mt_0px ðŸ“¦fnt-sze_11px ðŸ“¦f-wght_normal ðŸ“¦ln-ht_25px ðŸ“¦ltr-spc_0 ðŸ“¦btrr_3px ðŸ“¦bbrr_3px ðŸ“¦btlr_3px ðŸ“¦bblr_3px ðŸ“¦pt_0px ðŸ“¦pb_0px ðŸ“¦pr_10px ðŸ“¦pl_10px ðŸ“¦ml_5px ðŸ“¦mr_5px ðŸ“¦mb_0px ðŸ“¦h_25px ðŸ“¦pst_relative ðŸ“¦dspl_inline-flex ðŸ“¦algn-itms_center ðŸ“¦flx-wrap_nowrap ðŸ“¦bg_11ev722 ðŸ“¦box-szg_border-box"
        onClick={[Function]}
      >
        4
      </button>
      <span
        className="ðŸ“¦color_425a70 ðŸ“¦fnt-fam_b77syt ðŸ“¦fnt-sze_11px ðŸ“¦f-wght_400 ðŸ“¦ln-ht_20px ðŸ“¦ltr-spc_-0-05px ðŸ“¦box-szg_border-box"
      >
        ...
      </span>
      <button
        className="css-1ii3p2c ðŸ“¦color_425a70 ðŸ“¦fnt-fam_b77syt ðŸ“¦mt_0px ðŸ“¦fnt-sze_11px ðŸ“¦f-wght_normal ðŸ“¦ln-ht_25px ðŸ“¦ltr-spc_0 ðŸ“¦btrr_3px ðŸ“¦bbrr_3px ðŸ“¦btlr_3px ðŸ“¦bblr_3px ðŸ“¦pt_0px ðŸ“¦pb_0px ðŸ“¦pr_10px ðŸ“¦pl_10px ðŸ“¦ml_5px ðŸ“¦mr_5px ðŸ“¦mb_0px ðŸ“¦h_25px ðŸ“¦pst_relative ðŸ“¦dspl_inline-flex ðŸ“¦algn-itms_center ðŸ“¦flx-wrap_nowrap ðŸ“¦bg_11ev722 ðŸ“¦box-szg_border-box"
        onClick={[Function]}
      >
        12
      </button>
    </div>
  </div>
  <button
    className="css-1ii3p2c ðŸ“¦fnt-fam_b77syt ðŸ“¦mt_0px ðŸ“¦fnt-sze_11px ðŸ“¦f-wght_500 ðŸ“¦ln-ht_25px ðŸ“¦ltr-spc_0 ðŸ“¦btrr_3px ðŸ“¦bbrr_3px ðŸ“¦btlr_3px ðŸ“¦bblr_3px ðŸ“¦pt_0px ðŸ“¦pb_0px ðŸ“¦pr_0px ðŸ“¦pl_0px ðŸ“¦ml_0px ðŸ“¦mr_0px ðŸ“¦mb_0px ðŸ“¦h_25px ðŸ“¦pst_relative ðŸ“¦dspl_flex ðŸ“¦algn-itms_center ðŸ“¦flx-wrap_nowrap ðŸ“¦w_25px ðŸ“¦just-cnt_center ðŸ“¦box-szg_border-box"
    onClick={[Function]}
  >
    <svg
      className="ðŸ“¦w_12px ðŸ“¦h_12px ðŸ“¦box-szg_border-box"
      data-icon="chevron-right"
      style={
        Object {
          "fill": "#66788A",
        }
      }
      viewBox="0 0 16 16"
    >
      <path
        d="M10.71 7.29l-4-4a1.003 1.003 0 00-1.42 1.42L8.59 8 5.3 11.29c-.19.18-.3.43-.3.71a1.003 1.003 0 001.71.71l4-4c.18-.18.29-.43.29-.71 0-.28-.11-.53-.29-.71z"
        fillRule="evenodd"
      />
    </svg>
  </button>
</div>
`;

exports[`<Pagination /> component with min requirements render correctly 1`] = `
<div
  className="css-nil ðŸ“¦dspl_inline-flex ðŸ“¦mr_15px ðŸ“¦box-szg_border-box"
>
  <button
    className="css-1ii3p2c ðŸ“¦fnt-fam_b77syt ðŸ“¦mt_0px ðŸ“¦fnt-sze_12px ðŸ“¦f-wght_500 ðŸ“¦ln-ht_25px ðŸ“¦ltr-spc_0 ðŸ“¦btrr_3px ðŸ“¦bbrr_3px ðŸ“¦btlr_3px ðŸ“¦bblr_3px ðŸ“¦pt_0px ðŸ“¦pb_0px ðŸ“¦pr_0px ðŸ“¦pl_0px ðŸ“¦ml_0px ðŸ“¦mr_0px ðŸ“¦mb_0px ðŸ“¦h_25px ðŸ“¦pst_relative ðŸ“¦dspl_flex ðŸ“¦algn-itms_center ðŸ“¦flx-wrap_nowrap ðŸ“¦w_25px ðŸ“¦just-cnt_center ðŸ“¦box-szg_border-box"
    disabled={true}
    onClick={[Function]}
  >
    <svg
      className="ðŸ“¦w_12px ðŸ“¦h_12px ðŸ“¦box-szg_border-box"
      data-icon="chevron-left"
      style={
        Object {
          "fill": "#66788A",
        }
      }
      viewBox="0 0 16 16"
    >
      <path
        d="M7.41 8l3.29-3.29c.19-.18.3-.43.3-.71a1.003 1.003 0 00-1.71-.71l-4 4C5.11 7.47 5 7.72 5 8c0 .28.11.53.29.71l4 4a1.003 1.003 0 001.42-1.42L7.41 8z"
        fillRule="evenodd"
      />
    </svg>
  </button>
  <div
    className="css-nil ðŸ“¦box-szg_border-box"
  >
    <button
      className="css-1ii3p2c ðŸ“¦color_425a70 ðŸ“¦fnt-fam_b77syt ðŸ“¦mt_0px ðŸ“¦fnt-sze_11px ðŸ“¦f-wght_bold ðŸ“¦ln-ht_25px ðŸ“¦ltr-spc_0 ðŸ“¦btrr_3px ðŸ“¦bbrr_3px ðŸ“¦btlr_3px ðŸ“¦bblr_3px ðŸ“¦pt_0px ðŸ“¦pb_0px ðŸ“¦pr_10px ðŸ“¦pl_10px ðŸ“¦ml_5px ðŸ“¦mr_5px ðŸ“¦mb_0px ðŸ“¦h_25px ðŸ“¦pst_relative ðŸ“¦dspl_inline-flex ðŸ“¦algn-itms_center ðŸ“¦flx-wrap_nowrap ðŸ“¦bg_1ofpdvj ðŸ“¦box-szg_border-box"
      onClick={[Function]}
    >
      1
    </button>
    <button
      className="css-1ii3p2c ðŸ“¦color_425a70 ðŸ“¦fnt-fam_b77syt ðŸ“¦mt_0px ðŸ“¦fnt-sze_11px ðŸ“¦f-wght_normal ðŸ“¦ln-ht_25px ðŸ“¦ltr-spc_0 ðŸ“¦btrr_3px ðŸ“¦bbrr_3px ðŸ“¦btlr_3px ðŸ“¦bblr_3px ðŸ“¦pt_0px ðŸ“¦pb_0px ðŸ“¦pr_10px ðŸ“¦pl_10px ðŸ“¦ml_5px ðŸ“¦mr_5px ðŸ“¦mb_0px ðŸ“¦h_25px ðŸ“¦pst_relative ðŸ“¦dspl_inline-flex ðŸ“¦algn-itms_center ðŸ“¦flx-wrap_nowrap ðŸ“¦bg_11ev722 ðŸ“¦box-szg_border-box"
      onClick={[Function]}
    >
      2
    </button>
    <button
      className="css-1ii3p2c ðŸ“¦color_425a70 ðŸ“¦fnt-fam_b77syt ðŸ“¦mt_0px ðŸ“¦fnt-sze_11px ðŸ“¦f-wght_normal ðŸ“¦ln-ht_25px ðŸ“¦ltr-spc_0 ðŸ“¦btrr_3px ðŸ“¦bbrr_3px ðŸ“¦btlr_3px ðŸ“¦bblr_3px ðŸ“¦pt_0px ðŸ“¦pb_0px ðŸ“¦pr_10px ðŸ“¦pl_10px ðŸ“¦ml_5px ðŸ“¦mr_5px ðŸ“¦mb_0px ðŸ“¦h_25px ðŸ“¦pst_relative ðŸ“¦dspl_inline-flex ðŸ“¦algn-itms_center ðŸ“¦flx-wrap_nowrap ðŸ“¦bg_11ev722 ðŸ“¦box-szg_border-box"
      onClick={[Function]}
    >
      3
    </button>
  </div>
  <button
    className="css-1ii3p2c ðŸ“¦fnt-fam_b77syt ðŸ“¦mt_0px ðŸ“¦fnt-sze_11px ðŸ“¦f-wght_500 ðŸ“¦ln-ht_25px ðŸ“¦ltr-spc_0 ðŸ“¦btrr_3px ðŸ“¦bbrr_3px ðŸ“¦btlr_3px ðŸ“¦bblr_3px ðŸ“¦pt_0px ðŸ“¦pb_0px ðŸ“¦pr_0px ðŸ“¦pl_0px ðŸ“¦ml_0px ðŸ“¦mr_0px ðŸ“¦mb_0px ðŸ“¦h_25px ðŸ“¦pst_relative ðŸ“¦dspl_flex ðŸ“¦algn-itms_center ðŸ“¦flx-wrap_nowrap ðŸ“¦w_25px ðŸ“¦just-cnt_center ðŸ“¦box-szg_border-box"
    onClick={[Function]}
  >
    <svg
      className="ðŸ“¦w_12px ðŸ“¦h_12px ðŸ“¦box-szg_border-box"
      data-icon="chevron-right"
      style={
        Object {
          "fill": "#66788A",
        }
      }
      viewBox="0 0 16 16"
    >
      <path
        d="M10.71 7.29l-4-4a1.003 1.003 0 00-1.42 1.42L8.59 8 5.3 11.29c-.19.18-.3.43-.3.71a1.003 1.003 0 001.71.71l4-4c.18-.18.29-.43.29-.71 0-.28-.11-.53-.29-.71z"
        fillRule="evenodd"
      />
    </svg>
  </button>
</div>
`;
