// Jest Snapshot v1, https://goo.gl/fbAQLP

exports[`<Table /> component with min requirements render correctly 1`] = `
<div
  className="css-nil ðŸ“¦b-top_1px-solid-E4E7EB ðŸ“¦b-rgt_1px-solid-E4E7EB ðŸ“¦b-btm_1px-solid-E4E7EB ðŸ“¦b-lft_1px-solid-E4E7EB ðŸ“¦bg_11ev722 ðŸ“¦pst_relative ðŸ“¦box-szg_border-box"
>
  <div
    className="css-nil ðŸ“¦box-szg_border-box"
  >
    <div
      className="css-nil ðŸ“¦b-btm_1px-solid-E4E7EB ðŸ“¦bg_1eozcqw ðŸ“¦dspl_flex ðŸ“¦flx-srnk_0 ðŸ“¦pr_0px ðŸ“¦h_auto ðŸ“¦bg-clr_white ðŸ“¦pt_15px ðŸ“¦pb_15px ðŸ“¦box-szg_border-box"
    >
      <div
        className="css-saeo60 css-nil ðŸ“¦h_16px ðŸ“¦pl_12px ðŸ“¦pr_12px ðŸ“¦box-szg_border-box ðŸ“¦flx_1 ðŸ“¦dspl_flex ðŸ“¦algn-itms_center ðŸ“¦flx-srnk_0 ðŸ“¦ovflw-x_visible ðŸ“¦ovflw-y_visible"
        onKeyDown={[Function]}
      >
        <svg
          className="ðŸ“¦ml_2px ðŸ“¦mr_10px ðŸ“¦w_12px ðŸ“¦h_12px ðŸ“¦box-szg_border-box"
          data-icon="search"
          style={
            Object {
              "fill": "#7B8B9A",
            }
          }
          viewBox="0 0 16 16"
        >
          <path
            d="M15.55 13.43l-2.67-2.68a6.94 6.94 0 001.11-3.76c0-3.87-3.13-7-7-7s-7 3.13-7 7 3.13 7 7 7c1.39 0 2.68-.42 3.76-1.11l2.68 2.67a1.498 1.498 0 102.12-2.12zm-8.56-1.44c-2.76 0-5-2.24-5-5s2.24-5 5-5 5 2.24 5 5-2.24 5-5 5z"
            fillRule="evenodd"
          />
        </svg>
        <input
          className="css-q4k7k7 ðŸ“¦color_425A70 ðŸ“¦fnt-fam_b77syt ðŸ“¦fnt-sze_12px ðŸ“¦f-wght_500 ðŸ“¦ln-ht_16px ðŸ“¦ltr-spc_0 ðŸ“¦flx_1 ðŸ“¦ml_-2px ðŸ“¦pl_0px ðŸ“¦box-szg_border-box"
          onChange={[Function]}
          placeholder="Filter..."
          spellCheck={true}
        />
      </div>
       
    </div>
    <div
      className="css-nil ðŸ“¦flx_1 ðŸ“¦ovflw-y_auto ðŸ“¦box-szg_border-box"
      data-evergreen-table-body={true}
    >
      <div
        className="css-z3ro6d css-nil ðŸ“¦b-btm_1px-solid-EDF0F2 ðŸ“¦dspl_flex ðŸ“¦h_48px ðŸ“¦algn-itms_center ðŸ“¦pt_15px ðŸ“¦pb_15px ðŸ“¦box-szg_border-box"
        data-isselectable={true}
        onClick={[Function]}
        onKeyDown={[Function]}
        tabIndex={-1}
      >
        <div
          className="css-saeo60 css-nil ðŸ“¦pl_12px ðŸ“¦pr_12px ðŸ“¦box-szg_border-box ðŸ“¦flx_1 ðŸ“¦dspl_flex ðŸ“¦algn-itms_center ðŸ“¦flx-srnk_0 ðŸ“¦ovflw-x_hidden ðŸ“¦ovflw-y_hidden"
          onKeyDown={[Function]}
        >
          <span
            className="ðŸ“¦color_425A70 ðŸ“¦fnt-fam_b77syt ðŸ“¦fnt-sze_12px ðŸ“¦f-wght_400 ðŸ“¦ln-ht_16px ðŸ“¦ltr-spc_0 ðŸ“¦flx_1 ðŸ“¦ovflw-x_hidden ðŸ“¦ovflw-y_hidden ðŸ“¦txt-ovrf_ellipsis ðŸ“¦wht-spc_nowrap ðŸ“¦box-szg_border-box"
          >
            Taylor
          </span>
        </div>
        <div
          className="css-saeo60 css-nil ðŸ“¦pl_12px ðŸ“¦pr_12px ðŸ“¦box-szg_border-box ðŸ“¦flx_1 ðŸ“¦dspl_flex ðŸ“¦algn-itms_center ðŸ“¦flx-srnk_0 ðŸ“¦ovflw-x_hidden ðŸ“¦ovflw-y_hidden"
          onKeyDown={[Function]}
        >
          <span
            className="ðŸ“¦color_425A70 ðŸ“¦fnt-fam_b77syt ðŸ“¦fnt-sze_12px ðŸ“¦f-wght_400 ðŸ“¦ln-ht_16px ðŸ“¦ltr-spc_0 ðŸ“¦flx_1 ðŸ“¦ovflw-x_hidden ðŸ“¦ovflw-y_hidden ðŸ“¦txt-ovrf_ellipsis ðŸ“¦wht-spc_nowrap ðŸ“¦box-szg_border-box"
          >
            Davis
          </span>
        </div>
        <div
          className="css-saeo60 css-nil ðŸ“¦pl_12px ðŸ“¦pr_12px ðŸ“¦box-szg_border-box ðŸ“¦flx_1 ðŸ“¦dspl_flex ðŸ“¦algn-itms_center ðŸ“¦flx-srnk_0 ðŸ“¦ovflw-x_hidden ðŸ“¦ovflw-y_hidden"
          onKeyDown={[Function]}
        >
          <span
            className="ðŸ“¦color_425A70 ðŸ“¦fnt-fam_b77syt ðŸ“¦fnt-sze_12px ðŸ“¦f-wght_400 ðŸ“¦ln-ht_16px ðŸ“¦ltr-spc_0 ðŸ“¦flx_1 ðŸ“¦ovflw-x_hidden ðŸ“¦ovflw-y_hidden ðŸ“¦txt-ovrf_ellipsis ðŸ“¦wht-spc_nowrap ðŸ“¦box-szg_border-box"
          >
            Netherlands
          </span>
        </div>
        <div
          className="css-saeo60 css-nil ðŸ“¦pl_12px ðŸ“¦pr_12px ðŸ“¦box-szg_border-box ðŸ“¦flx_1 ðŸ“¦dspl_flex ðŸ“¦algn-itms_center ðŸ“¦flx-srnk_0 ðŸ“¦ovflw-x_hidden ðŸ“¦ovflw-y_hidden"
          onKeyDown={[Function]}
        >
          <span
            className="ðŸ“¦color_425A70 ðŸ“¦fnt-fam_b77syt ðŸ“¦fnt-sze_12px ðŸ“¦f-wght_400 ðŸ“¦ln-ht_16px ðŸ“¦ltr-spc_0 ðŸ“¦flx_1 ðŸ“¦ovflw-x_hidden ðŸ“¦ovflw-y_hidden ðŸ“¦txt-ovrf_ellipsis ðŸ“¦wht-spc_nowrap ðŸ“¦box-szg_border-box"
          >
            DevOps
          </span>
        </div>
        <div
          className="css-saeo60 css-nil ðŸ“¦pl_12px ðŸ“¦pr_12px ðŸ“¦box-szg_border-box ðŸ“¦flx_1 ðŸ“¦dspl_flex ðŸ“¦algn-itms_center ðŸ“¦flx-srnk_0 ðŸ“¦ovflw-x_hidden ðŸ“¦ovflw-y_hidden"
          onKeyDown={[Function]}
        >
          <span
            className="ðŸ“¦color_425A70 ðŸ“¦fnt-fam_b77syt ðŸ“¦fnt-sze_12px ðŸ“¦f-wght_400 ðŸ“¦ln-ht_16px ðŸ“¦ltr-spc_0 ðŸ“¦flx_1 ðŸ“¦ovflw-x_hidden ðŸ“¦ovflw-y_hidden ðŸ“¦txt-ovrf_ellipsis ðŸ“¦wht-spc_nowrap ðŸ“¦box-szg_border-box"
          >
            taylor.davis@fancygrid.com
          </span>
        </div>
      </div>
      <div
        className="css-z3ro6d css-nil ðŸ“¦b-btm_1px-solid-EDF0F2 ðŸ“¦dspl_flex ðŸ“¦h_48px ðŸ“¦algn-itms_center ðŸ“¦pt_15px ðŸ“¦pb_15px ðŸ“¦box-szg_border-box"
        data-isselectable={true}
        onClick={[Function]}
        onKeyDown={[Function]}
        tabIndex={-1}
      >
        <div
          className="css-saeo60 css-nil ðŸ“¦pl_12px ðŸ“¦pr_12px ðŸ“¦box-szg_border-box ðŸ“¦flx_1 ðŸ“¦dspl_flex ðŸ“¦algn-itms_center ðŸ“¦flx-srnk_0 ðŸ“¦ovflw-x_hidden ðŸ“¦ovflw-y_hidden"
          onKeyDown={[Function]}
        >
          <span
            className="ðŸ“¦color_425A70 ðŸ“¦fnt-fam_b77syt ðŸ“¦fnt-sze_12px ðŸ“¦f-wght_400 ðŸ“¦ln-ht_16px ðŸ“¦ltr-spc_0 ðŸ“¦flx_1 ðŸ“¦ovflw-x_hidden ðŸ“¦ovflw-y_hidden ðŸ“¦txt-ovrf_ellipsis ðŸ“¦wht-spc_nowrap ðŸ“¦box-szg_border-box"
          >
            Isabella
          </span>
        </div>
        <div
          className="css-saeo60 css-nil ðŸ“¦pl_12px ðŸ“¦pr_12px ðŸ“¦box-szg_border-box ðŸ“¦flx_1 ðŸ“¦dspl_flex ðŸ“¦algn-itms_center ðŸ“¦flx-srnk_0 ðŸ“¦ovflw-x_hidden ðŸ“¦ovflw-y_hidden"
          onKeyDown={[Function]}
        >
          <span
            className="ðŸ“¦color_425A70 ðŸ“¦fnt-fam_b77syt ðŸ“¦fnt-sze_12px ðŸ“¦f-wght_400 ðŸ“¦ln-ht_16px ðŸ“¦ltr-spc_0 ðŸ“¦flx_1 ðŸ“¦ovflw-x_hidden ðŸ“¦ovflw-y_hidden ðŸ“¦txt-ovrf_ellipsis ðŸ“¦wht-spc_nowrap ðŸ“¦box-szg_border-box"
          >
            Scott
          </span>
        </div>
        <div
          className="css-saeo60 css-nil ðŸ“¦pl_12px ðŸ“¦pr_12px ðŸ“¦box-szg_border-box ðŸ“¦flx_1 ðŸ“¦dspl_flex ðŸ“¦algn-itms_center ðŸ“¦flx-srnk_0 ðŸ“¦ovflw-x_hidden ðŸ“¦ovflw-y_hidden"
          onKeyDown={[Function]}
        >
          <span
            className="ðŸ“¦color_425A70 ðŸ“¦fnt-fam_b77syt ðŸ“¦fnt-sze_12px ðŸ“¦f-wght_400 ðŸ“¦ln-ht_16px ðŸ“¦ltr-spc_0 ðŸ“¦flx_1 ðŸ“¦ovflw-x_hidden ðŸ“¦ovflw-y_hidden ðŸ“¦txt-ovrf_ellipsis ðŸ“¦wht-spc_nowrap ðŸ“¦box-szg_border-box"
          >
            Australia
          </span>
        </div>
        <div
          className="css-saeo60 css-nil ðŸ“¦pl_12px ðŸ“¦pr_12px ðŸ“¦box-szg_border-box ðŸ“¦flx_1 ðŸ“¦dspl_flex ðŸ“¦algn-itms_center ðŸ“¦flx-srnk_0 ðŸ“¦ovflw-x_hidden ðŸ“¦ovflw-y_hidden"
          onKeyDown={[Function]}
        >
          <span
            className="ðŸ“¦color_425A70 ðŸ“¦fnt-fam_b77syt ðŸ“¦fnt-sze_12px ðŸ“¦f-wght_400 ðŸ“¦ln-ht_16px ðŸ“¦ltr-spc_0 ðŸ“¦flx_1 ðŸ“¦ovflw-x_hidden ðŸ“¦ovflw-y_hidden ðŸ“¦txt-ovrf_ellipsis ðŸ“¦wht-spc_nowrap ðŸ“¦box-szg_border-box"
          >
            PHP Developer
          </span>
        </div>
        <div
          className="css-saeo60 css-nil ðŸ“¦pl_12px ðŸ“¦pr_12px ðŸ“¦box-szg_border-box ðŸ“¦flx_1 ðŸ“¦dspl_flex ðŸ“¦algn-itms_center ðŸ“¦flx-srnk_0 ðŸ“¦ovflw-x_hidden ðŸ“¦ovflw-y_hidden"
          onKeyDown={[Function]}
        >
          <span
            className="ðŸ“¦color_425A70 ðŸ“¦fnt-fam_b77syt ðŸ“¦fnt-sze_12px ðŸ“¦f-wght_400 ðŸ“¦ln-ht_16px ðŸ“¦ltr-spc_0 ðŸ“¦flx_1 ðŸ“¦ovflw-x_hidden ðŸ“¦ovflw-y_hidden ðŸ“¦txt-ovrf_ellipsis ðŸ“¦wht-spc_nowrap ðŸ“¦box-szg_border-box"
          >
            isabella.scott@fancygrid.com
          </span>
        </div>
      </div>
      <div
        className="css-z3ro6d css-nil ðŸ“¦b-btm_1px-solid-EDF0F2 ðŸ“¦dspl_flex ðŸ“¦h_48px ðŸ“¦algn-itms_center ðŸ“¦pt_15px ðŸ“¦pb_15px ðŸ“¦box-szg_border-box"
        data-isselectable={true}
        onClick={[Function]}
        onKeyDown={[Function]}
        tabIndex={-1}
      >
        <div
          className="css-saeo60 css-nil ðŸ“¦pl_12px ðŸ“¦pr_12px ðŸ“¦box-szg_border-box ðŸ“¦flx_1 ðŸ“¦dspl_flex ðŸ“¦algn-itms_center ðŸ“¦flx-srnk_0 ðŸ“¦ovflw-x_hidden ðŸ“¦ovflw-y_hidden"
          onKeyDown={[Function]}
        >
          <span
            className="ðŸ“¦color_425A70 ðŸ“¦fnt-fam_b77syt ðŸ“¦fnt-sze_12px ðŸ“¦f-wght_400 ðŸ“¦ln-ht_16px ðŸ“¦ltr-spc_0 ðŸ“¦flx_1 ðŸ“¦ovflw-x_hidden ðŸ“¦ovflw-y_hidden ðŸ“¦txt-ovrf_ellipsis ðŸ“¦wht-spc_nowrap ðŸ“¦box-szg_border-box"
          >
            Chloe
          </span>
        </div>
        <div
          className="css-saeo60 css-nil ðŸ“¦pl_12px ðŸ“¦pr_12px ðŸ“¦box-szg_border-box ðŸ“¦flx_1 ðŸ“¦dspl_flex ðŸ“¦algn-itms_center ðŸ“¦flx-srnk_0 ðŸ“¦ovflw-x_hidden ðŸ“¦ovflw-y_hidden"
          onKeyDown={[Function]}
        >
          <span
            className="ðŸ“¦color_425A70 ðŸ“¦fnt-fam_b77syt ðŸ“¦fnt-sze_12px ðŸ“¦f-wght_400 ðŸ“¦ln-ht_16px ðŸ“¦ltr-spc_0 ðŸ“¦flx_1 ðŸ“¦ovflw-x_hidden ðŸ“¦ovflw-y_hidden ðŸ“¦txt-ovrf_ellipsis ðŸ“¦wht-spc_nowrap ðŸ“¦box-szg_border-box"
          >
            Woods
          </span>
        </div>
        <div
          className="css-saeo60 css-nil ðŸ“¦pl_12px ðŸ“¦pr_12px ðŸ“¦box-szg_border-box ðŸ“¦flx_1 ðŸ“¦dspl_flex ðŸ“¦algn-itms_center ðŸ“¦flx-srnk_0 ðŸ“¦ovflw-x_hidden ðŸ“¦ovflw-y_hidden"
          onKeyDown={[Function]}
        >
          <span
            className="ðŸ“¦color_425A70 ðŸ“¦fnt-fam_b77syt ðŸ“¦fnt-sze_12px ðŸ“¦f-wght_400 ðŸ“¦ln-ht_16px ðŸ“¦ltr-spc_0 ðŸ“¦flx_1 ðŸ“¦ovflw-x_hidden ðŸ“¦ovflw-y_hidden ðŸ“¦txt-ovrf_ellipsis ðŸ“¦wht-spc_nowrap ðŸ“¦box-szg_border-box"
          >
            Sweden
          </span>
        </div>
        <div
          className="css-saeo60 css-nil ðŸ“¦pl_12px ðŸ“¦pr_12px ðŸ“¦box-szg_border-box ðŸ“¦flx_1 ðŸ“¦dspl_flex ðŸ“¦algn-itms_center ðŸ“¦flx-srnk_0 ðŸ“¦ovflw-x_hidden ðŸ“¦ovflw-y_hidden"
          onKeyDown={[Function]}
        >
          <span
            className="ðŸ“¦color_425A70 ðŸ“¦fnt-fam_b77syt ðŸ“¦fnt-sze_12px ðŸ“¦f-wght_400 ðŸ“¦ln-ht_16px ðŸ“¦ltr-spc_0 ðŸ“¦flx_1 ðŸ“¦ovflw-x_hidden ðŸ“¦ovflw-y_hidden ðŸ“¦txt-ovrf_ellipsis ðŸ“¦wht-spc_nowrap ðŸ“¦box-szg_border-box"
          >
            C++ Developer
          </span>
        </div>
        <div
          className="css-saeo60 css-nil ðŸ“¦pl_12px ðŸ“¦pr_12px ðŸ“¦box-szg_border-box ðŸ“¦flx_1 ðŸ“¦dspl_flex ðŸ“¦algn-itms_center ðŸ“¦flx-srnk_0 ðŸ“¦ovflw-x_hidden ðŸ“¦ovflw-y_hidden"
          onKeyDown={[Function]}
        >
          <span
            className="ðŸ“¦color_425A70 ðŸ“¦fnt-fam_b77syt ðŸ“¦fnt-sze_12px ðŸ“¦f-wght_400 ðŸ“¦ln-ht_16px ðŸ“¦ltr-spc_0 ðŸ“¦flx_1 ðŸ“¦ovflw-x_hidden ðŸ“¦ovflw-y_hidden ðŸ“¦txt-ovrf_ellipsis ðŸ“¦wht-spc_nowrap ðŸ“¦box-szg_border-box"
          >
            chloe.woods@fancygrid.com
          </span>
        </div>
      </div>
      <div
        className="css-z3ro6d css-nil ðŸ“¦b-btm_1px-solid-EDF0F2 ðŸ“¦dspl_flex ðŸ“¦h_48px ðŸ“¦algn-itms_center ðŸ“¦pt_15px ðŸ“¦pb_15px ðŸ“¦box-szg_border-box"
        data-isselectable={true}
        onClick={[Function]}
        onKeyDown={[Function]}
        tabIndex={-1}
      >
        <div
          className="css-saeo60 css-nil ðŸ“¦pl_12px ðŸ“¦pr_12px ðŸ“¦box-szg_border-box ðŸ“¦flx_1 ðŸ“¦dspl_flex ðŸ“¦algn-itms_center ðŸ“¦flx-srnk_0 ðŸ“¦ovflw-x_hidden ðŸ“¦ovflw-y_hidden"
          onKeyDown={[Function]}
        >
          <span
            className="ðŸ“¦color_425A70 ðŸ“¦fnt-fam_b77syt ðŸ“¦fnt-sze_12px ðŸ“¦f-wght_400 ðŸ“¦ln-ht_16px ðŸ“¦ltr-spc_0 ðŸ“¦flx_1 ðŸ“¦ovflw-x_hidden ðŸ“¦ovflw-y_hidden ðŸ“¦txt-ovrf_ellipsis ðŸ“¦wht-spc_nowrap ðŸ“¦box-szg_border-box"
          >
            Ivan
          </span>
        </div>
        <div
          className="css-saeo60 css-nil ðŸ“¦pl_12px ðŸ“¦pr_12px ðŸ“¦box-szg_border-box ðŸ“¦flx_1 ðŸ“¦dspl_flex ðŸ“¦algn-itms_center ðŸ“¦flx-srnk_0 ðŸ“¦ovflw-x_hidden ðŸ“¦ovflw-y_hidden"
          onKeyDown={[Function]}
        >
          <span
            className="ðŸ“¦color_425A70 ðŸ“¦fnt-fam_b77syt ðŸ“¦fnt-sze_12px ðŸ“¦f-wght_400 ðŸ“¦ln-ht_16px ðŸ“¦ltr-spc_0 ðŸ“¦flx_1 ðŸ“¦ovflw-x_hidden ðŸ“¦ovflw-y_hidden ðŸ“¦txt-ovrf_ellipsis ðŸ“¦wht-spc_nowrap ðŸ“¦box-szg_border-box"
          >
            Richardson
          </span>
        </div>
        <div
          className="css-saeo60 css-nil ðŸ“¦pl_12px ðŸ“¦pr_12px ðŸ“¦box-szg_border-box ðŸ“¦flx_1 ðŸ“¦dspl_flex ðŸ“¦algn-itms_center ðŸ“¦flx-srnk_0 ðŸ“¦ovflw-x_hidden ðŸ“¦ovflw-y_hidden"
          onKeyDown={[Function]}
        >
          <span
            className="ðŸ“¦color_425A70 ðŸ“¦fnt-fam_b77syt ðŸ“¦fnt-sze_12px ðŸ“¦f-wght_400 ðŸ“¦ln-ht_16px ðŸ“¦ltr-spc_0 ðŸ“¦flx_1 ðŸ“¦ovflw-x_hidden ðŸ“¦ovflw-y_hidden ðŸ“¦txt-ovrf_ellipsis ðŸ“¦wht-spc_nowrap ðŸ“¦box-szg_border-box"
          >
            Singapore
          </span>
        </div>
        <div
          className="css-saeo60 css-nil ðŸ“¦pl_12px ðŸ“¦pr_12px ðŸ“¦box-szg_border-box ðŸ“¦flx_1 ðŸ“¦dspl_flex ðŸ“¦algn-itms_center ðŸ“¦flx-srnk_0 ðŸ“¦ovflw-x_hidden ðŸ“¦ovflw-y_hidden"
          onKeyDown={[Function]}
        >
          <span
            className="ðŸ“¦color_425A70 ðŸ“¦fnt-fam_b77syt ðŸ“¦fnt-sze_12px ðŸ“¦f-wght_400 ðŸ“¦ln-ht_16px ðŸ“¦ltr-spc_0 ðŸ“¦flx_1 ðŸ“¦ovflw-x_hidden ðŸ“¦ovflw-y_hidden ðŸ“¦txt-ovrf_ellipsis ðŸ“¦wht-spc_nowrap ðŸ“¦box-szg_border-box"
          >
            C++ Developer
          </span>
        </div>
        <div
          className="css-saeo60 css-nil ðŸ“¦pl_12px ðŸ“¦pr_12px ðŸ“¦box-szg_border-box ðŸ“¦flx_1 ðŸ“¦dspl_flex ðŸ“¦algn-itms_center ðŸ“¦flx-srnk_0 ðŸ“¦ovflw-x_hidden ðŸ“¦ovflw-y_hidden"
          onKeyDown={[Function]}
        >
          <span
            className="ðŸ“¦color_425A70 ðŸ“¦fnt-fam_b77syt ðŸ“¦fnt-sze_12px ðŸ“¦f-wght_400 ðŸ“¦ln-ht_16px ðŸ“¦ltr-spc_0 ðŸ“¦flx_1 ðŸ“¦ovflw-x_hidden ðŸ“¦ovflw-y_hidden ðŸ“¦txt-ovrf_ellipsis ðŸ“¦wht-spc_nowrap ðŸ“¦box-szg_border-box"
          >
            ivan.richardson@fancygrid.com
          </span>
        </div>
      </div>
      <div
        className="css-z3ro6d css-nil ðŸ“¦b-btm_1px-solid-EDF0F2 ðŸ“¦dspl_flex ðŸ“¦h_48px ðŸ“¦algn-itms_center ðŸ“¦pt_15px ðŸ“¦pb_15px ðŸ“¦box-szg_border-box"
        data-isselectable={true}
        onClick={[Function]}
        onKeyDown={[Function]}
        tabIndex={-1}
      >
        <div
          className="css-saeo60 css-nil ðŸ“¦pl_12px ðŸ“¦pr_12px ðŸ“¦box-szg_border-box ðŸ“¦flx_1 ðŸ“¦dspl_flex ðŸ“¦algn-itms_center ðŸ“¦flx-srnk_0 ðŸ“¦ovflw-x_hidden ðŸ“¦ovflw-y_hidden"
          onKeyDown={[Function]}
        >
          <span
            className="ðŸ“¦color_425A70 ðŸ“¦fnt-fam_b77syt ðŸ“¦fnt-sze_12px ðŸ“¦f-wght_400 ðŸ“¦ln-ht_16px ðŸ“¦ltr-spc_0 ðŸ“¦flx_1 ðŸ“¦ovflw-x_hidden ðŸ“¦ovflw-y_hidden ðŸ“¦txt-ovrf_ellipsis ðŸ“¦wht-spc_nowrap ðŸ“¦box-szg_border-box"
          >
            Ivan
          </span>
        </div>
        <div
          className="css-saeo60 css-nil ðŸ“¦pl_12px ðŸ“¦pr_12px ðŸ“¦box-szg_border-box ðŸ“¦flx_1 ðŸ“¦dspl_flex ðŸ“¦algn-itms_center ðŸ“¦flx-srnk_0 ðŸ“¦ovflw-x_hidden ðŸ“¦ovflw-y_hidden"
          onKeyDown={[Function]}
        >
          <span
            className="ðŸ“¦color_425A70 ðŸ“¦fnt-fam_b77syt ðŸ“¦fnt-sze_12px ðŸ“¦f-wght_400 ðŸ“¦ln-ht_16px ðŸ“¦ltr-spc_0 ðŸ“¦flx_1 ðŸ“¦ovflw-x_hidden ðŸ“¦ovflw-y_hidden ðŸ“¦txt-ovrf_ellipsis ðŸ“¦wht-spc_nowrap ðŸ“¦box-szg_border-box"
          >
            Brown
          </span>
        </div>
        <div
          className="css-saeo60 css-nil ðŸ“¦pl_12px ðŸ“¦pr_12px ðŸ“¦box-szg_border-box ðŸ“¦flx_1 ðŸ“¦dspl_flex ðŸ“¦algn-itms_center ðŸ“¦flx-srnk_0 ðŸ“¦ovflw-x_hidden ðŸ“¦ovflw-y_hidden"
          onKeyDown={[Function]}
        >
          <span
            className="ðŸ“¦color_425A70 ðŸ“¦fnt-fam_b77syt ðŸ“¦fnt-sze_12px ðŸ“¦f-wght_400 ðŸ“¦ln-ht_16px ðŸ“¦ltr-spc_0 ðŸ“¦flx_1 ðŸ“¦ovflw-x_hidden ðŸ“¦ovflw-y_hidden ðŸ“¦txt-ovrf_ellipsis ðŸ“¦wht-spc_nowrap ðŸ“¦box-szg_border-box"
          >
            Taiwan
          </span>
        </div>
        <div
          className="css-saeo60 css-nil ðŸ“¦pl_12px ðŸ“¦pr_12px ðŸ“¦box-szg_border-box ðŸ“¦flx_1 ðŸ“¦dspl_flex ðŸ“¦algn-itms_center ðŸ“¦flx-srnk_0 ðŸ“¦ovflw-x_hidden ðŸ“¦ovflw-y_hidden"
          onKeyDown={[Function]}
        >
          <span
            className="ðŸ“¦color_425A70 ðŸ“¦fnt-fam_b77syt ðŸ“¦fnt-sze_12px ðŸ“¦f-wght_400 ðŸ“¦ln-ht_16px ðŸ“¦ltr-spc_0 ðŸ“¦flx_1 ðŸ“¦ovflw-x_hidden ðŸ“¦ovflw-y_hidden ðŸ“¦txt-ovrf_ellipsis ðŸ“¦wht-spc_nowrap ðŸ“¦box-szg_border-box"
          >
            Data Science Engineer
          </span>
        </div>
        <div
          className="css-saeo60 css-nil ðŸ“¦pl_12px ðŸ“¦pr_12px ðŸ“¦box-szg_border-box ðŸ“¦flx_1 ðŸ“¦dspl_flex ðŸ“¦algn-itms_center ðŸ“¦flx-srnk_0 ðŸ“¦ovflw-x_hidden ðŸ“¦ovflw-y_hidden"
          onKeyDown={[Function]}
        >
          <span
            className="ðŸ“¦color_425A70 ðŸ“¦fnt-fam_b77syt ðŸ“¦fnt-sze_12px ðŸ“¦f-wght_400 ðŸ“¦ln-ht_16px ðŸ“¦ltr-spc_0 ðŸ“¦flx_1 ðŸ“¦ovflw-x_hidden ðŸ“¦ovflw-y_hidden ðŸ“¦txt-ovrf_ellipsis ðŸ“¦wht-spc_nowrap ðŸ“¦box-szg_border-box"
          >
            ivan.brown@fancygrid.com
          </span>
        </div>
      </div>
    </div>
  </div>
  <div
    className="css-nil ðŸ“¦bg_11ev722 ðŸ“¦w_100prcnt ðŸ“¦dspl_flex ðŸ“¦just-cnt_flex-end ðŸ“¦pt_15px ðŸ“¦pb_15px ðŸ“¦box-szg_border-box"
  >
    <div
      className="css-nil ðŸ“¦dspl_inline-flex ðŸ“¦mr_15px ðŸ“¦box-szg_border-box"
    >
      <button
        className="css-1ii3p2c ðŸ“¦fnt-fam_b77syt ðŸ“¦mt_0px ðŸ“¦fnt-sze_12px ðŸ“¦f-wght_500 ðŸ“¦ln-ht_25px ðŸ“¦ltr-spc_0 ðŸ“¦btrr_3px ðŸ“¦bbrr_3px ðŸ“¦btlr_3px ðŸ“¦bblr_3px ðŸ“¦pt_0px ðŸ“¦pb_0px ðŸ“¦pr_0px ðŸ“¦pl_0px ðŸ“¦ml_0px ðŸ“¦mr_0px ðŸ“¦mb_0px ðŸ“¦h_25px ðŸ“¦pst_relative ðŸ“¦dspl_flex ðŸ“¦algn-itms_center ðŸ“¦flx-wrap_nowrap ðŸ“¦w_25px ðŸ“¦just-cnt_center ðŸ“¦box-szg_border-box"
        disabled={true}
        onClick={[Function]}
      >
        <svg
          className="ðŸ“¦w_12px ðŸ“¦h_12px ðŸ“¦box-szg_border-box"
          data-icon="chevron-left"
          style={
            Object {
              "fill": "#66788A",
            }
          }
          viewBox="0 0 16 16"
        >
          <path
            d="M7.41 8l3.29-3.29c.19-.18.3-.43.3-.71a1.003 1.003 0 00-1.71-.71l-4 4C5.11 7.47 5 7.72 5 8c0 .28.11.53.29.71l4 4a1.003 1.003 0 001.42-1.42L7.41 8z"
            fillRule="evenodd"
          />
        </svg>
      </button>
      <div
        className="css-nil ðŸ“¦box-szg_border-box"
      >
        <button
          className="css-1ii3p2c ðŸ“¦color_425a70 ðŸ“¦fnt-fam_b77syt ðŸ“¦mt_0px ðŸ“¦fnt-sze_11px ðŸ“¦f-wght_bold ðŸ“¦ln-ht_25px ðŸ“¦ltr-spc_0 ðŸ“¦btrr_3px ðŸ“¦bbrr_3px ðŸ“¦btlr_3px ðŸ“¦bblr_3px ðŸ“¦pt_0px ðŸ“¦pb_0px ðŸ“¦pr_10px ðŸ“¦pl_10px ðŸ“¦ml_5px ðŸ“¦mr_5px ðŸ“¦mb_0px ðŸ“¦h_25px ðŸ“¦pst_relative ðŸ“¦dspl_inline-flex ðŸ“¦algn-itms_center ðŸ“¦flx-wrap_nowrap ðŸ“¦bg_1ofpdvj ðŸ“¦box-szg_border-box"
          onClick={[Function]}
        >
          1
        </button>
        <button
          className="css-1ii3p2c ðŸ“¦color_425a70 ðŸ“¦fnt-fam_b77syt ðŸ“¦mt_0px ðŸ“¦fnt-sze_11px ðŸ“¦f-wght_normal ðŸ“¦ln-ht_25px ðŸ“¦ltr-spc_0 ðŸ“¦btrr_3px ðŸ“¦bbrr_3px ðŸ“¦btlr_3px ðŸ“¦bblr_3px ðŸ“¦pt_0px ðŸ“¦pb_0px ðŸ“¦pr_10px ðŸ“¦pl_10px ðŸ“¦ml_5px ðŸ“¦mr_5px ðŸ“¦mb_0px ðŸ“¦h_25px ðŸ“¦pst_relative ðŸ“¦dspl_inline-flex ðŸ“¦algn-itms_center ðŸ“¦flx-wrap_nowrap ðŸ“¦bg_11ev722 ðŸ“¦box-szg_border-box"
          onClick={[Function]}
        >
          2
        </button>
      </div>
      <button
        className="css-1ii3p2c ðŸ“¦fnt-fam_b77syt ðŸ“¦mt_0px ðŸ“¦fnt-sze_11px ðŸ“¦f-wght_500 ðŸ“¦ln-ht_25px ðŸ“¦ltr-spc_0 ðŸ“¦btrr_3px ðŸ“¦bbrr_3px ðŸ“¦btlr_3px ðŸ“¦bblr_3px ðŸ“¦pt_0px ðŸ“¦pb_0px ðŸ“¦pr_0px ðŸ“¦pl_0px ðŸ“¦ml_0px ðŸ“¦mr_0px ðŸ“¦mb_0px ðŸ“¦h_25px ðŸ“¦pst_relative ðŸ“¦dspl_flex ðŸ“¦algn-itms_center ðŸ“¦flx-wrap_nowrap ðŸ“¦w_25px ðŸ“¦just-cnt_center ðŸ“¦box-szg_border-box"
        onClick={[Function]}
      >
        <svg
          className="ðŸ“¦w_12px ðŸ“¦h_12px ðŸ“¦box-szg_border-box"
          data-icon="chevron-right"
          style={
            Object {
              "fill": "#66788A",
            }
          }
          viewBox="0 0 16 16"
        >
          <path
            d="M10.71 7.29l-4-4a1.003 1.003 0 00-1.42 1.42L8.59 8 5.3 11.29c-.19.18-.3.43-.3.71a1.003 1.003 0 001.71.71l4-4c.18-.18.29-.43.29-.71 0-.28-.11-.53-.29-.71z"
            fillRule="evenodd"
          />
        </svg>
      </button>
    </div>
  </div>
</div>
`;
